// Jest Snapshot v1, https://goo.gl/fbAQLP

exports[`Pruebas en FirstApp debe de hacer match con el snaptshot 1`] = `
<div>
  <h1
    data-testid="test-title"
  >
    Hola, soy Goku
  </h1>
  <p>
    No hay subtitulo
  </p>
  <p>
    No hay subtitulo
  </p>
  <p>
    Lara Albornoz
  </p>
</div>
`;
